// Jest Snapshot v1, https://goo.gl/fbAQLP

exports[`serializer should match query snapshot 1`] = `
query users {
  users {
    id
  }
}
`;

exports[`serializer should match schema snapshot 1`] = `
type User {
  id: ID!
  firstName: String! @deprecated
}

type Query {
  users(firstName: String): [User]
}

type Mutation {
  login(emailAddress: String!, password: String!): User
}
`;

exports[`serializer should not fail if the provided node is null 1`] = `null`;
