// Jest Snapshot v1, https://goo.gl/fbAQLP

exports[`graphql schema should match GraphQL schema snapshot with default settings 1`] = `
type Mutation {
  login(emailAddress: String!, password: String!): User
}

type Query {
  users(firstName: String): [User]
}

type User {
  id: ID!
  firstName: String! @deprecated
}
`;

exports[`graphql schema should match snapshot when exporting AST 1`] = `
{
  "kind": "Document",
  "definitions": [
    {
      "kind": "ObjectTypeDefinition",
      "name": {
        "kind": "Name",
        "value": "User"
      },
      "interfaces": [],
      "directives": [],
      "fields": [
        {
          "kind": "FieldDefinition",
          "name": {
            "kind": "Name",
            "value": "id"
          },
          "arguments": [],
          "type": {
            "kind": "NonNullType",
            "type": {
              "kind": "NamedType",
              "name": {
                "kind": "Name",
                "value": "ID"
              }
            }
          },
          "directives": []
        },
        {
          "kind": "FieldDefinition",
          "name": {
            "kind": "Name",
            "value": "firstName"
          },
          "arguments": [],
          "type": {
            "kind": "NonNullType",
            "type": {
              "kind": "NamedType",
              "name": {
                "kind": "Name",
                "value": "String"
              }
            }
          },
          "directives": [
            {
              "kind": "Directive",
              "name": {
                "kind": "Name",
                "value": "deprecated"
              },
              "arguments": []
            }
          ]
        }
      ]
    },
    {
      "kind": "ObjectTypeDefinition",
      "name": {
        "kind": "Name",
        "value": "Query"
      },
      "interfaces": [],
      "directives": [],
      "fields": [
        {
          "kind": "FieldDefinition",
          "name": {
            "kind": "Name",
            "value": "users"
          },
          "arguments": [
            {
              "kind": "InputValueDefinition",
              "name": {
                "kind": "Name",
                "value": "firstName"
              },
              "type": {
                "kind": "NamedType",
                "name": {
                  "kind": "Name",
                  "value": "String"
                }
              },
              "directives": []
            }
          ],
          "type": {
            "kind": "ListType",
            "type": {
              "kind": "NamedType",
              "name": {
                "kind": "Name",
                "value": "User"
              }
            }
          },
          "directives": []
        }
      ]
    },
    {
      "kind": "ObjectTypeDefinition",
      "name": {
        "kind": "Name",
        "value": "Mutation"
      },
      "interfaces": [],
      "directives": [],
      "fields": [
        {
          "kind": "FieldDefinition",
          "name": {
            "kind": "Name",
            "value": "login"
          },
          "arguments": [
            {
              "kind": "InputValueDefinition",
              "name": {
                "kind": "Name",
                "value": "emailAddress"
              },
              "type": {
                "kind": "NonNullType",
                "type": {
                  "kind": "NamedType",
                  "name": {
                    "kind": "Name",
                    "value": "String"
                  }
                }
              },
              "directives": []
            },
            {
              "kind": "InputValueDefinition",
              "name": {
                "kind": "Name",
                "value": "password"
              },
              "type": {
                "kind": "NonNullType",
                "type": {
                  "kind": "NamedType",
                  "name": {
                    "kind": "Name",
                    "value": "String"
                  }
                }
              },
              "directives": []
            }
          ],
          "type": {
            "kind": "NamedType",
            "name": {
              "kind": "Name",
              "value": "User"
            }
          },
          "directives": []
        }
      ]
    }
  ],
  "loc": {
    "start": 0,
    "end": 193
  }
}
`;
